node.exe : - Generating browser application 
bundles (phase: setup)...
At line:1 char:1
+ & "C:\Program Files\nodejs/node.exe" 
"C:\Program Files\nodejs/node_mo ...
+ ~~~~~~~~~~~~~~~~~~~~~~~~~~~~~~~~~~~~~~~~~~~~~
~~~~~~~~~~~~~~~~~~~~~~~~
    + CategoryInfo          : NotSpecified: (- 
    Generating br...hase: setup)...:String) [  
  ], RemoteException
    + FullyQualifiedErrorId : NativeCommandErr 
   or
 
ظ£¤ Browser application bundle generation 
complete.
06 04 2026 22:49:31.695:INFO [karma-server]: Karma v6.3.20 server started at http://localhost:9876/
06 04 2026 22:49:31.697:INFO [launcher]: Launching browsers ChromeHeadless with concurrency unlimited
06 04 2026 22:49:31.713:INFO [launcher]: Starting browser ChromeHeadless
06 04 2026 22:49:33.075:INFO [Chrome Headless 146.0.0.0 (Windows 10)]: Connected on socket 4A_nEoasxD98FNEaAAAB with id 39133802
Chrome Headless 146.0.0.0 (Windows 10): Executed 0 of 6[32m SUCCESS[39m (0 secs / 0 secs)
[1A[2K[31mChrome Headless 146.0.0.0 (Windows 10) GetDataService should be created FAILED[39m
	NullInjectorError: R3InjectorError(DynamicTestModule)[GetDataService -> HttpClient -> HttpClient]: 
	  NullInjectorError: No provider for HttpClient!
	error properties: Object({ ngTempTokenPath: null, ngTokenPath: [ 'GetDataService', 'HttpClient', 'HttpClient' ] })
	NullInjectorError: R3InjectorError(DynamicTestModule)[GetDataService -> HttpClient -> HttpClient]: 
	  NullInjectorError: No provider for HttpClient!
	    at NullInjector.get (node_modules/@angular/core/fesm2015/core.mjs:11242:1)
	    at R3Injector.get (node_modules/@angular/core/fesm2015/core.mjs:11409:1)
	    at R3Injector.get (node_modules/@angular/core/fesm2015/core.mjs:11409:1)
	    at injectInjectorOnly (node_modules/@angular/core/fesm2015/core.mjs:4774:1)
	    at ╔╡╔╡inject (node_modules/@angular/core/fesm2015/core.mjs:4778:1)
	    at Object.GetDataService_Factory [as factory] (ng:///GetDataService/╔╡fac.js:4:42)
	    at R3Injector.hydrate (node_modules/@angular/core/fesm2015/core.mjs:11579:1)
	    at R3Injector.get (node_modules/@angular/core/fesm2015/core.mjs:11398:1)
	    at NgModuleRef.get (node_modules/@angular/core/fesm2015/core.mjs:21973:1)
	    at TestBedRender3.inject (node_modules/@angular/core/fesm2015/testing.mjs:1719:1)
	Error: Expected undefined to be truthy.
	    at <Jasmine>
	    at UserContext.<anonymous> (src/app/Services/get-data.service.spec.ts:14:21)
	    at _ZoneDelegate.invoke (node_modules/zone.js/fesm2015/zone.js:372:1)
	    at ProxyZoneSpec.onInvoke (node_modules/zone.js/fesm2015/zone-testing.js:287:1)
Chrome Headless 146.0.0.0 (Windows 10): Executed 1 of 6[31m (1 FAILED)[39m (0 secs / 0.032 secs)
[1A[2KChrome Headless 146.0.0.0 (Windows 10): Executed 2 of 6[31m (1 FAILED)[39m (0 secs / 0.048 secs)
[1A[2KChrome Headless 146.0.0.0 (Windows 10): Executed 3 of 6[31m (1 FAILED)[39m (0 secs / 0.052 secs)
[1A[2KChrome Headless 146.0.0.0 (Windows 10): Executed 4 of 6[31m (1 FAILED)[39m (0 secs / 0.057 secs)
[1A[2KChrome Headless 146.0.0.0 (Windows 10): Executed 5 of 6[31m (1 FAILED)[39m (0 secs / 0.136 secs)
[1A[2KChrome Headless 146.0.0.0 (Windows 10): Executed 6 of 6[31m (1 FAILED)[39m (0 secs / 0.216 secs)
[1A[2KChrome Headless 146.0.0.0 (Windows 10): Executed 6 of 6[31m (1 FAILED)[39m (0.328 secs / 0.216 secs)
[31mTOTAL: 1 FAILED, 5 SUCCESS[39m
